// Jest Snapshot v1, https://goo.gl/fbAQLP

exports[`renders correctly 1`] = `
<div
  className="flex justify-center"
>
  <div
    className="xs:scale-[70%] sm:w-80 sm:scale-[80%] md:scale-100 xl:w-96"
  >
    <div
      className="input-group relative flex w-full flex-wrap items-stretch xs:pb-2 lg:pb-0"
    >
      <input
        aria-describedby="button-addon2"
        aria-label="Search"
        className="form-control relative m-0 block w-[50%] min-w-0 flex-auto rounded-2xl border border-solid border-gray-300 bg-white bg-clip-padding px-3 py-1.5 text-base font-normal text-gray-700 transition ease-in-out focus:border-purple focus:bg-white focus:text-gray-700 focus:outline-none"
        placeholder="Min price"
        type="search"
      />
      <input
        aria-describedby="button-addon2"
        aria-label="Search"
        className="form-control relative m-0 block w-[50%] min-w-0 flex-auto rounded-2xl border border-solid border-gray-300 bg-white bg-clip-padding px-3 py-1.5 text-base font-normal text-gray-700 transition ease-in-out focus:border-purple focus:bg-white focus:text-gray-700 focus:outline-none"
        placeholder="Max price"
        type="search"
      />
    </div>
  </div>
</div>
`;
