// Jest Snapshot v1, https://goo.gl/fbAQLP

exports[`renders correctly 1`] = `
<aside
  className="flex h-screen flex-col justify-start bg-white p-6 text-center align-middle shadow-lg xs:h-[150px] xs:flex-row xs:justify-between sm:h-[200px] sm:w-full sm:flex-row sm:justify-center sm:gap-10 sm:align-middle md:h-screen md:w-1/3 md:flex-col md:justify-start lg:w-1/5"
>
  <div
    className="mb-5 flex w-[190px] self-center overflow-hidden rounded-full border-[5px] border-lightpurple bg-red-300 xs:hidden sm:flex sm:w-[130px] md:flex lg:flex"
  >
    <span
      style={
        Object {
          "background": "none",
          "border": 0,
          "boxSizing": "border-box",
          "display": "inline-block",
          "height": "initial",
          "margin": 0,
          "maxWidth": "100%",
          "opacity": 1,
          "overflow": "hidden",
          "padding": 0,
          "position": "relative",
          "width": "initial",
        }
      }
    >
      <span
        style={
          Object {
            "background": "none",
            "border": 0,
            "boxSizing": "border-box",
            "display": "block",
            "height": "initial",
            "margin": 0,
            "maxWidth": "100%",
            "opacity": 1,
            "padding": 0,
            "width": "initial",
          }
        }
      >
        <img
          alt=""
          aria-hidden={true}
          src="data:image/svg+xml,%3csvg%20xmlns=%27http://www.w3.org/2000/svg%27%20version=%271.1%27%20width=%2724%27%20height=%2724%27/%3e"
          style={
            Object {
              "background": "none",
              "border": 0,
              "display": "block",
              "height": "initial",
              "margin": 0,
              "maxWidth": "100%",
              "opacity": 1,
              "padding": 0,
              "width": "initial",
            }
          }
        />
      </span>
      <img
        alt="rifik"
        data-nimg="intrinsic"
        decoding="async"
        onError={[Function]}
        onLoad={[Function]}
        src="data:image/gif;base64,R0lGODlhAQABAIAAAAAAAP///yH5BAEAAAAALAAAAAABAAEAAAIBRAA7"
        style={
          Object {
            "border": "none",
            "bottom": 0,
            "boxSizing": "border-box",
            "display": "block",
            "height": 0,
            "left": 0,
            "margin": "auto",
            "maxHeight": "100%",
            "maxWidth": "100%",
            "minHeight": "100%",
            "minWidth": "100%",
            "objectFit": undefined,
            "objectPosition": undefined,
            "padding": 0,
            "position": "absolute",
            "right": 0,
            "top": 0,
            "width": 0,
          }
        }
      />
      <noscript>
        <img
          alt="rifik"
          data-nimg="intrinsic"
          decoding="async"
          loading="lazy"
          src="/_next/image?url=%2Fimg.jpg&w=48&q=75"
          srcSet="/_next/image?url=%2Fimg.jpg&w=32&q=75 1x, /_next/image?url=%2Fimg.jpg&w=48&q=75 2x"
          style={
            Object {
              "border": "none",
              "bottom": 0,
              "boxSizing": "border-box",
              "display": "block",
              "height": 0,
              "left": 0,
              "margin": "auto",
              "maxHeight": "100%",
              "maxWidth": "100%",
              "minHeight": "100%",
              "minWidth": "100%",
              "objectFit": undefined,
              "objectPosition": undefined,
              "padding": 0,
              "position": "absolute",
              "right": 0,
              "top": 0,
              "width": 0,
            }
          }
        />
      </noscript>
    </span>
  </div>
  <div
    className="flex flex-col justify-evenly xs:mb-2 xs:text-left sm:mb-5 sm:text-center"
  >
    <p
      className="mt-2 text-xl font-semibold text-purple xs:text-sm sm:mt-0"
    >
      Rifik Haspolat
    </p>
    <p
      className="text-sm text-purple xs:text-sm"
    >
      <span
        className="font-semibold"
      >
        E-mail: 
      </span>
      rifik@haspolat.com
    </p>
    <p
      className="text-sm text-purple"
    >
      <span
        className="font-semibold"
      >
        Location:
      </span>
      Istanbul/Turkey
    </p>
  </div>
  <hr
    className="m-10 xs:hidden sm:hidden"
  />
  <div
    className="flex flex-col justify-center"
    id="sidebarWrapper"
  >
    <div
      className="pb-9 xs:pb-2 sm:pb-4"
    >
      <a
        className="sm:text-md m-2 font-bold text-purple hover:cursor-pointer xs:text-sm md:text-xl lg:text-2xl"
        href="/edit-profile"
        onClick={[Function]}
        onMouseEnter={[Function]}
      >
        edit-Profile
      </a>
    </div>
    <div
      className="pb-9 xs:pb-2 sm:pb-4"
    >
      <a
        className="sm:text-md m-2 font-bold text-purple hover:cursor-pointer xs:text-sm md:text-xl lg:text-2xl"
        href="/listings"
        onClick={[Function]}
        onMouseEnter={[Function]}
      >
        my-listings
      </a>
    </div>
  </div>
</aside>
`;
