// Jest Snapshot v1, https://goo.gl/fbAQLP

exports[`renders correctly 1`] = `
<div
  className="align-center flex h-screen w-full flex-wrap justify-start gap-6 overflow-scroll bg-iceblue p-10 align-top"
>
  <div
    className="align-center listingCard relative mx-auto w-[300px] cursor-pointer flex-col justify-center overflow-hidden rounded-lg bg-white pb-2 font-Poppins shadow-xl transition duration-500 hover:scale-105 hover:shadow-hadrisblue"
  >
    <div
      className="absolute hidden h-full w-full bg-white p-6 text-center"
      id="listingOverview"
    >
      <h3
        className="m-2 rounded-xl bg-hadrisblue text-lg font-semibold text-cyanaqua"
      >
        Listing Details
      </h3>
      <h3
        className="text-md m-2 mt-6 rounded-xl bg-cyanaqua text-hadrisblue"
      >
        Item Condition
      </h3>
      <p
        className="text-md m-2 inline-block text-hadrisblue"
      >
        Used-Good Condition
      </p>
      <h3
        className="text-md m-2 rounded-xl bg-cyanaqua text-hadrisblue"
      >
        Listing Description
      </h3>
      <p
        className="text-md m-2 inline-block text-hadrisblue"
      >
        Apple iPad Pro - 12.9-inch - Wi-Fi - 64GB - Space Gray, minor scratches
      </p>
    </div>
    <div
      className="w-full overflow-hidden"
    >
      <img
        alt="image"
        className="object-fit"
        src="https://productimages.hepsiburada.net/s/32/375/10354042765362.jpg"
      />
    </div>
    <div
      className="mt-4 flex justify-between px-3"
    >
      <div
        className=" text-body-color text-md mb-2 leading-relaxed"
      >
        Apple iPad Pro 
      </div>
      <span
        className="custom-bold text-lg"
      >
        ₺
        4000
      </span>
    </div>
    <hr />
    <div
      className="align-center mb-2 flex justify-between px-3"
    >
      <h3>
        Listing Date:
      </h3>
      <span
        className="custom-bold text-md text-center"
      >
        2022-04-01
      </span>
    </div>
    <div
      className="mb-2 flex justify-center p-2"
    >
      <span
        className=" rounded-full bg-teal-200 px-3 text-sm font-semibold uppercase tracking-wide text-teal-800"
      >
        ELECTRONICS
      </span>
    </div>
  </div>
  <div
    className="align-center listingCard relative mx-auto w-[300px] cursor-pointer flex-col justify-center overflow-hidden rounded-lg bg-white pb-2 font-Poppins shadow-xl transition duration-500 hover:scale-105 hover:shadow-hadrisblue"
  >
    <div
      className="absolute hidden h-full w-full bg-white p-6 text-center"
      id="listingOverview"
    >
      <h3
        className="m-2 rounded-xl bg-hadrisblue text-lg font-semibold text-cyanaqua"
      >
        Listing Details
      </h3>
      <h3
        className="text-md m-2 mt-6 rounded-xl bg-cyanaqua text-hadrisblue"
      >
        Item Condition
      </h3>
      <p
        className="text-md m-2 inline-block text-hadrisblue"
      >
        Used-Mint Condition
      </p>
      <h3
        className="text-md m-2 rounded-xl bg-cyanaqua text-hadrisblue"
      >
        Listing Description
      </h3>
      <p
        className="text-md m-2 inline-block text-hadrisblue"
      >
        Leather Couch - Brown, doesn't have stains
      </p>
    </div>
    <div
      className="w-full overflow-hidden"
    >
      <img
        alt="image"
        className="object-fit"
        src="https://pyxis.nymag.com/v1/imgs/86c/882/b47a32d8e72df7aeadf74490a82aaa9432.rsquare.w600.jpg"
      />
    </div>
    <div
      className="mt-4 flex justify-between px-3"
    >
      <div
        className=" text-body-color text-md mb-2 leading-relaxed"
      >
        Leather Couch
      </div>
      <span
        className="custom-bold text-lg"
      >
        ₺
        1000
      </span>
    </div>
    <hr />
    <div
      className="align-center mb-2 flex justify-between px-3"
    >
      <h3>
        Listing Date:
      </h3>
      <span
        className="custom-bold text-md text-center"
      >
        2022-07-01
      </span>
    </div>
    <div
      className="mb-2 flex justify-center p-2"
    >
      <span
        className=" rounded-full bg-teal-200 px-3 text-sm font-semibold uppercase tracking-wide text-teal-800"
      >
        FURNITURE
      </span>
    </div>
  </div>
  <div
    className="align-center listingCard relative mx-auto w-[300px] cursor-pointer flex-col justify-center overflow-hidden rounded-lg bg-white pb-2 font-Poppins shadow-xl transition duration-500 hover:scale-105 hover:shadow-hadrisblue"
  >
    <div
      className="absolute hidden h-full w-full bg-white p-6 text-center"
      id="listingOverview"
    >
      <h3
        className="m-2 rounded-xl bg-hadrisblue text-lg font-semibold text-cyanaqua"
      >
        Listing Details
      </h3>
      <h3
        className="text-md m-2 mt-6 rounded-xl bg-cyanaqua text-hadrisblue"
      >
        Item Condition
      </h3>
      <p
        className="text-md m-2 inline-block text-hadrisblue"
      >
        Used-Good Condition
      </p>
      <h3
        className="text-md m-2 rounded-xl bg-cyanaqua text-hadrisblue"
      >
        Listing Description
      </h3>
      <p
        className="text-md m-2 inline-block text-hadrisblue"
      >
        Apple iPad Pro - 12.9-inch - Wi-Fi - 64GB - Space Gray, minor scratches
      </p>
    </div>
    <div
      className="w-full overflow-hidden"
    >
      <img
        alt="image"
        className="object-fit"
        src="https://productimages.hepsiburada.net/s/32/375/10354042765362.jpg"
      />
    </div>
    <div
      className="mt-4 flex justify-between px-3"
    >
      <div
        className=" text-body-color text-md mb-2 leading-relaxed"
      >
        Apple iPad Pro 
      </div>
      <span
        className="custom-bold text-lg"
      >
        ₺
        4000
      </span>
    </div>
    <hr />
    <div
      className="align-center mb-2 flex justify-between px-3"
    >
      <h3>
        Listing Date:
      </h3>
      <span
        className="custom-bold text-md text-center"
      >
        2022-04-01
      </span>
    </div>
    <div
      className="mb-2 flex justify-center p-2"
    >
      <span
        className=" rounded-full bg-teal-200 px-3 text-sm font-semibold uppercase tracking-wide text-teal-800"
      >
        ELECTRONICS
      </span>
    </div>
  </div>
  <div
    className="align-center listingCard relative mx-auto w-[300px] cursor-pointer flex-col justify-center overflow-hidden rounded-lg bg-white pb-2 font-Poppins shadow-xl transition duration-500 hover:scale-105 hover:shadow-hadrisblue"
  >
    <div
      className="absolute hidden h-full w-full bg-white p-6 text-center"
      id="listingOverview"
    >
      <h3
        className="m-2 rounded-xl bg-hadrisblue text-lg font-semibold text-cyanaqua"
      >
        Listing Details
      </h3>
      <h3
        className="text-md m-2 mt-6 rounded-xl bg-cyanaqua text-hadrisblue"
      >
        Item Condition
      </h3>
      <p
        className="text-md m-2 inline-block text-hadrisblue"
      >
        Used-Mint Condition
      </p>
      <h3
        className="text-md m-2 rounded-xl bg-cyanaqua text-hadrisblue"
      >
        Listing Description
      </h3>
      <p
        className="text-md m-2 inline-block text-hadrisblue"
      >
        Leather Couch - Brown, doesn't have stains
      </p>
    </div>
    <div
      className="w-full overflow-hidden"
    >
      <img
        alt="image"
        className="object-fit"
        src="https://pyxis.nymag.com/v1/imgs/86c/882/b47a32d8e72df7aeadf74490a82aaa9432.rsquare.w600.jpg"
      />
    </div>
    <div
      className="mt-4 flex justify-between px-3"
    >
      <div
        className=" text-body-color text-md mb-2 leading-relaxed"
      >
        Leather Couch
      </div>
      <span
        className="custom-bold text-lg"
      >
        ₺
        1000
      </span>
    </div>
    <hr />
    <div
      className="align-center mb-2 flex justify-between px-3"
    >
      <h3>
        Listing Date:
      </h3>
      <span
        className="custom-bold text-md text-center"
      >
        2022-07-01
      </span>
    </div>
    <div
      className="mb-2 flex justify-center p-2"
    >
      <span
        className=" rounded-full bg-teal-200 px-3 text-sm font-semibold uppercase tracking-wide text-teal-800"
      >
        FURNITURE
      </span>
    </div>
  </div>
  <div
    className="align-center listingCard relative mx-auto w-[300px] cursor-pointer flex-col justify-center overflow-hidden rounded-lg bg-white pb-2 font-Poppins shadow-xl transition duration-500 hover:scale-105 hover:shadow-hadrisblue"
  >
    <div
      className="absolute hidden h-full w-full bg-white p-6 text-center"
      id="listingOverview"
    >
      <h3
        className="m-2 rounded-xl bg-hadrisblue text-lg font-semibold text-cyanaqua"
      >
        Listing Details
      </h3>
      <h3
        className="text-md m-2 mt-6 rounded-xl bg-cyanaqua text-hadrisblue"
      >
        Item Condition
      </h3>
      <p
        className="text-md m-2 inline-block text-hadrisblue"
      >
        Used-Good Condition
      </p>
      <h3
        className="text-md m-2 rounded-xl bg-cyanaqua text-hadrisblue"
      >
        Listing Description
      </h3>
      <p
        className="text-md m-2 inline-block text-hadrisblue"
      >
        Apple iPad Pro - 12.9-inch - Wi-Fi - 64GB - Space Gray, minor scratches
      </p>
    </div>
    <div
      className="w-full overflow-hidden"
    >
      <img
        alt="image"
        className="object-fit"
        src="https://productimages.hepsiburada.net/s/32/375/10354042765362.jpg"
      />
    </div>
    <div
      className="mt-4 flex justify-between px-3"
    >
      <div
        className=" text-body-color text-md mb-2 leading-relaxed"
      >
        Apple iPad Pro 
      </div>
      <span
        className="custom-bold text-lg"
      >
        ₺
        4000
      </span>
    </div>
    <hr />
    <div
      className="align-center mb-2 flex justify-between px-3"
    >
      <h3>
        Listing Date:
      </h3>
      <span
        className="custom-bold text-md text-center"
      >
        2022-04-01
      </span>
    </div>
    <div
      className="mb-2 flex justify-center p-2"
    >
      <span
        className=" rounded-full bg-teal-200 px-3 text-sm font-semibold uppercase tracking-wide text-teal-800"
      >
        ELECTRONICS
      </span>
    </div>
  </div>
  <div
    className="align-center listingCard relative mx-auto w-[300px] cursor-pointer flex-col justify-center overflow-hidden rounded-lg bg-white pb-2 font-Poppins shadow-xl transition duration-500 hover:scale-105 hover:shadow-hadrisblue"
  >
    <div
      className="absolute hidden h-full w-full bg-white p-6 text-center"
      id="listingOverview"
    >
      <h3
        className="m-2 rounded-xl bg-hadrisblue text-lg font-semibold text-cyanaqua"
      >
        Listing Details
      </h3>
      <h3
        className="text-md m-2 mt-6 rounded-xl bg-cyanaqua text-hadrisblue"
      >
        Item Condition
      </h3>
      <p
        className="text-md m-2 inline-block text-hadrisblue"
      >
        Used-Mint Condition
      </p>
      <h3
        className="text-md m-2 rounded-xl bg-cyanaqua text-hadrisblue"
      >
        Listing Description
      </h3>
      <p
        className="text-md m-2 inline-block text-hadrisblue"
      >
        Leather Couch - Brown, doesn't have stains
      </p>
    </div>
    <div
      className="w-full overflow-hidden"
    >
      <img
        alt="image"
        className="object-fit"
        src="https://pyxis.nymag.com/v1/imgs/86c/882/b47a32d8e72df7aeadf74490a82aaa9432.rsquare.w600.jpg"
      />
    </div>
    <div
      className="mt-4 flex justify-between px-3"
    >
      <div
        className=" text-body-color text-md mb-2 leading-relaxed"
      >
        Leather Couch
      </div>
      <span
        className="custom-bold text-lg"
      >
        ₺
        1000
      </span>
    </div>
    <hr />
    <div
      className="align-center mb-2 flex justify-between px-3"
    >
      <h3>
        Listing Date:
      </h3>
      <span
        className="custom-bold text-md text-center"
      >
        2022-07-01
      </span>
    </div>
    <div
      className="mb-2 flex justify-center p-2"
    >
      <span
        className=" rounded-full bg-teal-200 px-3 text-sm font-semibold uppercase tracking-wide text-teal-800"
      >
        FURNITURE
      </span>
    </div>
  </div>
  <div
    className="align-center listingCard relative mx-auto w-[300px] cursor-pointer flex-col justify-center overflow-hidden rounded-lg bg-white pb-2 font-Poppins shadow-xl transition duration-500 hover:scale-105 hover:shadow-hadrisblue"
  >
    <div
      className="absolute hidden h-full w-full bg-white p-6 text-center"
      id="listingOverview"
    >
      <h3
        className="m-2 rounded-xl bg-hadrisblue text-lg font-semibold text-cyanaqua"
      >
        Listing Details
      </h3>
      <h3
        className="text-md m-2 mt-6 rounded-xl bg-cyanaqua text-hadrisblue"
      >
        Item Condition
      </h3>
      <p
        className="text-md m-2 inline-block text-hadrisblue"
      >
        Used-Good Condition
      </p>
      <h3
        className="text-md m-2 rounded-xl bg-cyanaqua text-hadrisblue"
      >
        Listing Description
      </h3>
      <p
        className="text-md m-2 inline-block text-hadrisblue"
      >
        Apple iPad Pro - 12.9-inch - Wi-Fi - 64GB - Space Gray, minor scratches
      </p>
    </div>
    <div
      className="w-full overflow-hidden"
    >
      <img
        alt="image"
        className="object-fit"
        src="https://productimages.hepsiburada.net/s/32/375/10354042765362.jpg"
      />
    </div>
    <div
      className="mt-4 flex justify-between px-3"
    >
      <div
        className=" text-body-color text-md mb-2 leading-relaxed"
      >
        Apple iPad Pro 
      </div>
      <span
        className="custom-bold text-lg"
      >
        ₺
        4000
      </span>
    </div>
    <hr />
    <div
      className="align-center mb-2 flex justify-between px-3"
    >
      <h3>
        Listing Date:
      </h3>
      <span
        className="custom-bold text-md text-center"
      >
        2022-04-01
      </span>
    </div>
    <div
      className="mb-2 flex justify-center p-2"
    >
      <span
        className=" rounded-full bg-teal-200 px-3 text-sm font-semibold uppercase tracking-wide text-teal-800"
      >
        ELECTRONICS
      </span>
    </div>
  </div>
  <div
    className="align-center listingCard relative mx-auto w-[300px] cursor-pointer flex-col justify-center overflow-hidden rounded-lg bg-white pb-2 font-Poppins shadow-xl transition duration-500 hover:scale-105 hover:shadow-hadrisblue"
  >
    <div
      className="absolute hidden h-full w-full bg-white p-6 text-center"
      id="listingOverview"
    >
      <h3
        className="m-2 rounded-xl bg-hadrisblue text-lg font-semibold text-cyanaqua"
      >
        Listing Details
      </h3>
      <h3
        className="text-md m-2 mt-6 rounded-xl bg-cyanaqua text-hadrisblue"
      >
        Item Condition
      </h3>
      <p
        className="text-md m-2 inline-block text-hadrisblue"
      >
        Used-Mint Condition
      </p>
      <h3
        className="text-md m-2 rounded-xl bg-cyanaqua text-hadrisblue"
      >
        Listing Description
      </h3>
      <p
        className="text-md m-2 inline-block text-hadrisblue"
      >
        Leather Couch - Brown, doesn't have stains
      </p>
    </div>
    <div
      className="w-full overflow-hidden"
    >
      <img
        alt="image"
        className="object-fit"
        src="https://pyxis.nymag.com/v1/imgs/86c/882/b47a32d8e72df7aeadf74490a82aaa9432.rsquare.w600.jpg"
      />
    </div>
    <div
      className="mt-4 flex justify-between px-3"
    >
      <div
        className=" text-body-color text-md mb-2 leading-relaxed"
      >
        Leather Couch
      </div>
      <span
        className="custom-bold text-lg"
      >
        ₺
        1000
      </span>
    </div>
    <hr />
    <div
      className="align-center mb-2 flex justify-between px-3"
    >
      <h3>
        Listing Date:
      </h3>
      <span
        className="custom-bold text-md text-center"
      >
        2022-07-01
      </span>
    </div>
    <div
      className="mb-2 flex justify-center p-2"
    >
      <span
        className=" rounded-full bg-teal-200 px-3 text-sm font-semibold uppercase tracking-wide text-teal-800"
      >
        FURNITURE
      </span>
    </div>
  </div>
  <div
    className="align-center listingCard relative mx-auto w-[300px] cursor-pointer flex-col justify-center overflow-hidden rounded-lg bg-white pb-2 font-Poppins shadow-xl transition duration-500 hover:scale-105 hover:shadow-hadrisblue"
  >
    <div
      className="absolute hidden h-full w-full bg-white p-6 text-center"
      id="listingOverview"
    >
      <h3
        className="m-2 rounded-xl bg-hadrisblue text-lg font-semibold text-cyanaqua"
      >
        Listing Details
      </h3>
      <h3
        className="text-md m-2 mt-6 rounded-xl bg-cyanaqua text-hadrisblue"
      >
        Item Condition
      </h3>
      <p
        className="text-md m-2 inline-block text-hadrisblue"
      >
        Used-Good Condition
      </p>
      <h3
        className="text-md m-2 rounded-xl bg-cyanaqua text-hadrisblue"
      >
        Listing Description
      </h3>
      <p
        className="text-md m-2 inline-block text-hadrisblue"
      >
        Apple iPad Pro - 12.9-inch - Wi-Fi - 64GB - Space Gray, minor scratches
      </p>
    </div>
    <div
      className="w-full overflow-hidden"
    >
      <img
        alt="image"
        className="object-fit"
        src="https://productimages.hepsiburada.net/s/32/375/10354042765362.jpg"
      />
    </div>
    <div
      className="mt-4 flex justify-between px-3"
    >
      <div
        className=" text-body-color text-md mb-2 leading-relaxed"
      >
        Apple iPad Pro 
      </div>
      <span
        className="custom-bold text-lg"
      >
        ₺
        4000
      </span>
    </div>
    <hr />
    <div
      className="align-center mb-2 flex justify-between px-3"
    >
      <h3>
        Listing Date:
      </h3>
      <span
        className="custom-bold text-md text-center"
      >
        2022-04-01
      </span>
    </div>
    <div
      className="mb-2 flex justify-center p-2"
    >
      <span
        className=" rounded-full bg-teal-200 px-3 text-sm font-semibold uppercase tracking-wide text-teal-800"
      >
        ELECTRONICS
      </span>
    </div>
  </div>
  <div
    className="align-center listingCard relative mx-auto w-[300px] cursor-pointer flex-col justify-center overflow-hidden rounded-lg bg-white pb-2 font-Poppins shadow-xl transition duration-500 hover:scale-105 hover:shadow-hadrisblue"
  >
    <div
      className="absolute hidden h-full w-full bg-white p-6 text-center"
      id="listingOverview"
    >
      <h3
        className="m-2 rounded-xl bg-hadrisblue text-lg font-semibold text-cyanaqua"
      >
        Listing Details
      </h3>
      <h3
        className="text-md m-2 mt-6 rounded-xl bg-cyanaqua text-hadrisblue"
      >
        Item Condition
      </h3>
      <p
        className="text-md m-2 inline-block text-hadrisblue"
      >
        Used-Mint Condition
      </p>
      <h3
        className="text-md m-2 rounded-xl bg-cyanaqua text-hadrisblue"
      >
        Listing Description
      </h3>
      <p
        className="text-md m-2 inline-block text-hadrisblue"
      >
        Leather Couch - Brown, doesn't have stains
      </p>
    </div>
    <div
      className="w-full overflow-hidden"
    >
      <img
        alt="image"
        className="object-fit"
        src="https://pyxis.nymag.com/v1/imgs/86c/882/b47a32d8e72df7aeadf74490a82aaa9432.rsquare.w600.jpg"
      />
    </div>
    <div
      className="mt-4 flex justify-between px-3"
    >
      <div
        className=" text-body-color text-md mb-2 leading-relaxed"
      >
        Leather Couch
      </div>
      <span
        className="custom-bold text-lg"
      >
        ₺
        1000
      </span>
    </div>
    <hr />
    <div
      className="align-center mb-2 flex justify-between px-3"
    >
      <h3>
        Listing Date:
      </h3>
      <span
        className="custom-bold text-md text-center"
      >
        2022-07-01
      </span>
    </div>
    <div
      className="mb-2 flex justify-center p-2"
    >
      <span
        className=" rounded-full bg-teal-200 px-3 text-sm font-semibold uppercase tracking-wide text-teal-800"
      >
        FURNITURE
      </span>
    </div>
  </div>
</div>
`;
