// Jest Snapshot v1, https://goo.gl/fbAQLP

exports[`renders correctly 1`] = `
<input
  className=" my-3.5 block w-full rounded-lg border border-gray-300 bg-gray-50 p-2.5 text-center text-xl text-hadrisblue placeholder-hadrisblue focus:border-blue-500 focus:ring-purple"
  required={true}
/>
`;
