// Jest Snapshot v1, https://goo.gl/fbAQLP

exports[`renders correctly 1`] = `
<nav
  className="flex flex-row p-2 shadow-sm "
>
  <div
    className=" flex flex-grow items-center justify-between md:flex md:flex-row md:items-center md:justify-items-stretch"
  >
    <div
      className="flex w-full flex-row items-center justify-between md:w-auto md:justify-start"
    >
      <div
        className="py-1 md:mx-1 lg:mx-2"
      >
        <a
          href="/"
          onClick={[Function]}
          onMouseEnter={[Function]}
        >
          <span
            style={
              Object {
                "background": "none",
                "border": 0,
                "boxSizing": "border-box",
                "display": "inline-block",
                "height": 60,
                "margin": 0,
                "opacity": 1,
                "overflow": "hidden",
                "padding": 0,
                "position": "relative",
                "width": 150,
              }
            }
          >
            <img
              alt="logo"
              className="hover:cursor-pointer"
              data-nimg="fixed"
              decoding="async"
              onError={[Function]}
              onLoad={[Function]}
              src="data:image/gif;base64,R0lGODlhAQABAIAAAAAAAP///yH5BAEAAAAALAAAAAABAAEAAAIBRAA7"
              style={
                Object {
                  "border": "none",
                  "bottom": 0,
                  "boxSizing": "border-box",
                  "display": "block",
                  "height": 0,
                  "left": 0,
                  "margin": "auto",
                  "maxHeight": "100%",
                  "maxWidth": "100%",
                  "minHeight": "100%",
                  "minWidth": "100%",
                  "objectFit": undefined,
                  "objectPosition": undefined,
                  "padding": 0,
                  "position": "absolute",
                  "right": 0,
                  "top": 0,
                  "width": 0,
                }
              }
            />
            <noscript>
              <img
                alt="logo"
                className="hover:cursor-pointer"
                data-nimg="fixed"
                decoding="async"
                loading="lazy"
                src="/_next/image?url=%2Fimages%2Flogo.png&w=384&q=75"
                srcSet="/_next/image?url=%2Fimages%2Flogo.png&w=256&q=75 1x, /_next/image?url=%2Fimages%2Flogo.png&w=384&q=75 2x"
                style={
                  Object {
                    "border": "none",
                    "bottom": 0,
                    "boxSizing": "border-box",
                    "display": "block",
                    "height": 0,
                    "left": 0,
                    "margin": "auto",
                    "maxHeight": "100%",
                    "maxWidth": "100%",
                    "minHeight": "100%",
                    "minWidth": "100%",
                    "objectFit": undefined,
                    "objectPosition": undefined,
                    "padding": 0,
                    "position": "absolute",
                    "right": 0,
                    "top": 0,
                    "width": 0,
                  }
                }
              />
            </noscript>
          </span>
        </a>
      </div>
      <div
        className="text-md hidden w-full flex-grow md:flex md:w-auto md:items-center "
      >
        <a
          className=" align-center mr-2 rounded-[20px] p-2 px-3 text-darkPurple hover:bg-purple hover:text-white md:inline-block md:flex-grow lg:px-4"
          href="/donation"
          onClick={[Function]}
          onMouseEnter={[Function]}
        >
          Donate
        </a>
        <a
          className=" text-md mr-2 rounded-[20px] p-2 px-3 text-darkPurple hover:bg-purple hover:text-white md:flex md:flex-grow lg:px-4"
          href="/about-us"
          onClick={[Function]}
          onMouseEnter={[Function]}
        >
          About Us
        </a>
      </div>
      <section
        className="flex md:hidden"
      >
        <div
          className="HAMBURGER space-y-2"
          onClick={[Function]}
        >
          <span
            className="block h-0.5 w-8 animate-pulse bg-pumpkin"
          />
          <span
            className="block h-0.5 w-8 animate-pulse bg-pumpkin"
          />
          <span
            className="block h-0.5 w-8 animate-pulse bg-pumpkin "
          />
        </div>
        <div
          className="hideMenuNav"
        >
          <div
            className="CROSS-ICON absolute top-0 right-0 px-8 py-8"
            onClick={[Function]}
          >
            <svg
              className="h-8 w-8 text-pumpkin"
              fill="none"
              stroke="currentColor"
              strokeLinecap="round"
              strokeLinejoin="round"
              strokeWidth="2"
              viewBox="0 0 24 24"
            >
              <line
                x1="18"
                x2="6"
                y1="6"
                y2="18"
              />
              <line
                x1="6"
                x2="18"
                y1="6"
                y2="18"
              />
            </svg>
          </div>
          <ul
            className="MENU-OPEN mt-10 flex min-h-[250px] flex-col items-center justify-between "
          >
            <li
              className="flex flex-row items-center justify-start"
            >
              <a
                href="#"
              >
                EN   
              </a>
               |
              <a
                href="#"
              >
                   TR
              </a>
            </li>
            <li
              className="my-8 border-b border-pumpkin"
            >
              <a
                href="/donation"
                onClick={[Function]}
                onMouseEnter={[Function]}
              >
                Donate
              </a>
            </li>
            <li
              className="my-8 border-b border-pumpkin"
            >
              <a
                href="/about-us"
                onClick={[Function]}
                onMouseEnter={[Function]}
              >
                About Us
              </a>
            </li>
            <li
              className="my-8 border-b border-pumpkin"
            >
              <a
                href="/sign-in"
                onClick={[Function]}
                onMouseEnter={[Function]}
              >
                Sign in
              </a>
            </li>
            <li
              className="my-8 border-b border-pumpkin"
            >
              <a
                href="/product-listing"
                onClick={[Function]}
                onMouseEnter={[Function]}
              >
                Sell Items
              </a>
            </li>
            <li
              className="my-8 border-b border-pumpkin"
            >
              <a
                href="/cart"
                onClick={[Function]}
                onMouseEnter={[Function]}
              >
                Cart
              </a>
            </li>
          </ul>
        </div>
      </section>
    </div>
    <div
      className=" relative mx-2 hidden grow flex-row text-gray-600 lg:flex lg:flex-row"
    >
      <input
        className=" h-10 grow rounded-[20px] border-2 border-gray-300 bg-white pl-2 pr-8 text-sm focus:outline-none "
        name="search"
        placeholder="Search"
        type="search"
      />
      <button
        type="submit"
      >
        <svg
          className="-m-7 h-10 w-10 pt-4 pr-5"
          fill="currentColor"
          height="1em"
          stroke="currentColor"
          strokeWidth="0"
          style={
            Object {
              "color": undefined,
            }
          }
          viewBox="0 0 24 24"
          width="1em"
          xmlns="http://www.w3.org/2000/svg"
        >
          <path
            d="M10 18a7.952 7.952 0 0 0 4.897-1.688l4.396 4.396 1.414-1.414-4.396-4.396A7.952 7.952 0 0 0 18 10c0-4.411-3.589-8-8-8s-8 3.589-8 8 3.589 8 8 8zm0-14c3.309 0 6 2.691 6 6s-2.691 6-6 6-6-2.691-6-6 2.691-6 6-6z"
          />
          <path
            d="M11.412 8.586c.379.38.588.882.588 1.414h2a3.977 3.977 0 0 0-1.174-2.828c-1.514-1.512-4.139-1.512-5.652 0l1.412 1.416c.76-.758 2.07-.756 2.826-.002z"
          />
        </svg>
      </button>
    </div>
    <div
      className=" hidden w-auto items-center md:flex md:flex-row "
    >
      <div
        className="relative inline-block text-left"
      >
        <div>
          <button
            aria-expanded="true"
            aria-haspopup="true"
            className="inline-flex w-full justify-center rounded-md bg-white p-2 text-sm font-medium text-pumpkin hover:bg-gray-50 focus:outline-none focus:ring-2 focus:ring-indigo-500 focus:ring-offset-2 focus:ring-offset-gray-100 md:mr-4"
            id="menu-button"
            onClick={[Function]}
            type="button"
          >
            <svg
              fill="none"
              height={24}
              stroke="currentColor"
              strokeLinecap="round"
              strokeLinejoin="round"
              strokeWidth="2"
              style={
                Object {
                  "color": undefined,
                }
              }
              viewBox="0 0 24 24"
              width={24}
              xmlns="http://www.w3.org/2000/svg"
            >
              <desc />
              <path
                d="M0 0h24v24H0z"
                fill="none"
                stroke="none"
              />
              <circle
                cx="12"
                cy="12"
                r="9"
              />
              <line
                x1="3.6"
                x2="20.4"
                y1="9"
                y2="9"
              />
              <line
                x1="3.6"
                x2="20.4"
                y1="15"
                y2="15"
              />
              <path
                d="M11.5 3a17 17 0 0 0 0 18"
              />
              <path
                d="M12.5 3a17 17 0 0 1 0 18"
              />
            </svg>
            <svg
              aria-hidden="true"
              className=" ml-1 mt-1 mr-2 h-4 w-4"
              fill="currentColor"
              viewBox="0 0 20 20"
              xmlns="http://www.w3.org/2000/svg"
            >
              <path
                clipRule="evenodd"
                d="M5.293 7.293a1 1 0 011.414 0L10 10.586l3.293-3.293a1 1 0 111.414 1.414l-4 4a1 1 0 01-1.414 0l-4-4a1 1 0 010-1.414z"
                fillRule="evenodd"
              />
            </svg>
          </button>
        </div>
        <div
          aria-labelledby="menu-button"
          aria-orientation="vertical"
          className="
                                    focus:outline-none' absolute right-0 z-10 mt-2 flex w-16  
                                                                       rounded-md
                                                                           bg-white shadow-md
                                                                           ring-1 ring-black ring-opacity-5
                                                                            hideLanguage"
          role="menu"
          tabIndex="-1"
        >
          <div
            className="flex flex-col items-center py-1"
            role="none"
          >
            <a
              className="flashing block px-4 py-2 text-sm text-gray-700"
              href="#"
              id="menu-item-0"
              role="menuitem"
              tabIndex="-1"
            >
              English
            </a>
            <a
              className="flashing block px-4 py-2 text-sm text-gray-700"
              href="#"
              id="menu-item-1"
              role="menuitem"
              tabIndex="-1"
            >
              Turkish
            </a>
          </div>
        </div>
      </div>
      <div
        className="text-md hidden md:flex md:w-auto md:items-center "
      >
        <a
          className="text-md mr-2 block rounded-[20px] bg-darkPurple py-2 px-4 text-white hover:bg-purple"
          href="#"
          onClick={[Function]}
          onMouseEnter={[Function]}
        >
          Sign in
        </a>
        <a
          className=" text-md mr-2 block rounded-[20px] bg-darkPurple py-2 px-4 text-white hover:bg-purple"
          href="/product-listing"
          onClick={[Function]}
          onMouseEnter={[Function]}
        >
          Sell Items
        </a>
        <a
          className="m-2 pt-2"
          href="/cart"
          onClick={[Function]}
          onMouseEnter={[Function]}
        >
          <svg
            color="#FF8A57"
            fill="currentColor"
            height={28}
            stroke="currentColor"
            strokeWidth="0"
            style={
              Object {
                "color": "#FF8A57",
              }
            }
            viewBox="0 0 24 24"
            width={28}
            xmlns="http://www.w3.org/2000/svg"
          >
            <path
              d="M0 0h24v24H0z"
              fill="none"
            />
            <path
              d="M7 18c-1.1 0-1.99.9-1.99 2S5.9 22 7 22s2-.9 2-2-.9-2-2-2zM1 2v2h2l3.6 7.59-1.35 2.45c-.16.28-.25.61-.25.96 0 1.1.9 2 2 2h12v-2H7.42c-.14 0-.25-.11-.25-.25l.03-.12.9-1.63h7.45c.75 0 1.41-.41 1.75-1.03l3.58-6.49A1.003 1.003 0 0020 4H5.21l-.94-2H1zm16 16c-1.1 0-1.99.9-1.99 2s.89 2 1.99 2 2-.9 2-2-.9-2-2-2z"
            />
          </svg>
        </a>
      </div>
    </div>
  </div>
  <style>
    
      .hideMenuNav {
        display: none;
      }
      .showMenuNav {
        display: block;
        position: absolute;
        width: 100%;
        height: 100vh;
        top: 0;
        left: 0;
        background: white;
        z-index: 10;
        display: flex;
        flex-direction: column;
        justify-content: space-evenly;
        align-items: center;
      }
      .showLanguage {
        display: block;
        }
        .hideLanguage {
            display: none;
        }
      
  </style>
</nav>
`;
