// Jest Snapshot v1, https://goo.gl/fbAQLP

exports[`renders correctly 1`] = `
<div
  className="mt-4 flex flex-wrap justify-center "
>
  <div
    className=" w-3/4 "
  >
    <input
      className=" inputtabfont my-3.5 block w-full rounded-lg border border-gray-300 bg-gray-50 p-2.5 text-center text-xl text-hadrisblue placeholder-hadrisblue focus:border-blue-500 focus:ring-purple"
      id="text"
      placeholder="Name"
      required={true}
      type="text"
    />
    <input
      className=" inputtabfont my-3.5 block w-full rounded-lg border border-gray-300 bg-gray-50 p-2.5 text-center text-xl text-hadrisblue placeholder-hadrisblue focus:border-blue-500 focus:ring-purple"
      id="text"
      placeholder="Surname"
      required={true}
      type="text"
    />
    <input
      className=" inputtabfont my-3.5 block w-full rounded-lg border border-gray-300 bg-gray-50 p-2.5 text-center text-xl text-hadrisblue placeholder-hadrisblue focus:border-blue-500 focus:ring-purple"
      id="email"
      placeholder="Your Collage or University email"
      required={true}
      type="email"
    />
    <input
      className=" inputtabfont my-3.5 block w-full rounded-lg border border-gray-300 bg-gray-50 p-2.5 text-center text-xl text-hadrisblue placeholder-hadrisblue focus:border-blue-500 focus:ring-purple"
      id="password"
      placeholder="Password"
      required={true}
      type="password"
    />
    <input
      className=" inputtabfont my-3.5 block w-full rounded-lg border border-gray-300 bg-gray-50 p-2.5 text-center text-xl text-hadrisblue placeholder-hadrisblue focus:border-blue-500 focus:ring-purple"
      id="password"
      placeholder="Confirm New Password"
      required={true}
      type="password"
    />
    <div
      className="flex h-48 items-stretch"
    >
      <input
        className=" inputtabfont my-3.5 block w-full rounded-lg border border-gray-300 bg-gray-50 p-2.5 text-center text-xl text-hadrisblue placeholder-hadrisblue focus:border-blue-500 focus:ring-purple"
        id="text"
        placeholder="Address"
        required={true}
        type="text"
      />
    </div>
  </div>
  <div
    className=" flex w-1/2 justify-center"
  >
    <button
      className="h-12 w-48 lg:h-14 lg:w-64 m-1 p-1 px-2 hover:bg-purple hover:shadow-lg rounded-lg border-2 bg-pumpkin font-md text-[17px] text-white shadow-sm"
      onClick={[Function]}
      type="button"
    >
      Save Changes
    </button>
    <div
      className="Toastify"
    />
  </div>
</div>
`;
